2e68 - 2e8a ChaingunAttackCheckIdle
2e8a - 2ea9 WeaponAttackCheckIdle
2ea9 - 2ec8 WeaponAttackCheckIdle
2e8a - 2ea9 WeaponAttackCheckIdle
2e6b - 2e8a WeaponAttackCheckIdle
2ec8 - 2edd WeaponIdleCheckFire
2edd - 2ef2 WeaponIdleCheckFire
2ef2 - 2f07 WeaponIdleCheckFire
2f07 - 2f1c WeaponIdleCheckFire
2f1c - 2f2c CheckOpenDoor
2f2c - 2f3c CheckCloseDoor
2f3c - 2f4b CheckDoorBlocked
2f4b - 2f58 IncOpen
2f58 - 2f65 DecOpen
2f65 - 2f69 ThinkStand
2f65 - 2f69 ThinkStand
2f69 - 2f6d ThinkPath
2f69 - 2f6d ThinkPath
2f6d - 2f71 ActionShoot
2f69 - 2f6d ThinkPath
2f6d - 2f71 ActionShoot
2f71 - 2f75 ThinkChase
2f6d - 2f71 ActionShoot
2f71 - 2f75 ThinkChase
2f75 - 2f79 ActionDie
2f71 - 2f75 ThinkChase
2f6d - 2f71 ActionShoot
2f75 - 2f79 ActionDie
2f71 - 2f75 ThinkChase
2f71 - 2f75 ThinkChase
2f71 - 2f75 ThinkChase
2f71 - 2f75 ThinkChase
2f71 - 2f75 ThinkChase
2f75 - 2f79 ActionDie
2f69 - 2f6d ThinkPath
2f69 - 2f6d ThinkPath
2f69 - 2f6d ThinkPath
2f69 - 2f6d ThinkPath
2f71 - 2f75 ThinkChase
2f6d - 2f71 ActionShoot
2f75 - 2f79 ActionDie
2f6d - 2f71 ActionShoot
2f71 - 2f75 ThinkChase
2f71 - 2f75 ThinkChase
2f6d - 2f71 ActionShoot
2f71 - 2f75 ThinkChase
2f69 - 2f6d ThinkPath
2f71 - 2f75 ThinkChase
2f69 - 2f6d ThinkPath
2f69 - 2f6d ThinkPath
2f69 - 2f6d ThinkPath
2f69 - 2f6d ThinkPath
2f69 - 2f6d ThinkPath
2f69 - 2f6d ThinkPath
2f65 - 2f69 ThinkStand
2f6d - 2f71 ActionShoot
2f69 - 2f6d ThinkPath
2f75 - 2f79 ActionDie
2f71 - 2f75 ThinkChase
2f71 - 2f75 ThinkChase
2f71 - 2f75 ThinkChase
2f71 - 2f75 ThinkChase
2f71 - 2f75 ThinkChase
2f69 - 2f6d ThinkPath
2f69 - 2f6d ThinkPath
2f69 - 2f6d ThinkPath
2f71 - 2f75 ThinkChase
2f69 - 2f6d ThinkPath
2f71 - 2f75 ThinkChase
2f65 - 2f69 ThinkStand
2f6d - 2f71 ActionShoot
2f75 - 2f79 ActionDie
2f71 - 2f75 ThinkChase
2f71 - 2f75 ThinkChase
2f71 - 2f75 ThinkChase
2f71 - 2f75 ThinkChase
2f71 - 2f75 ThinkChase
2f69 - 2f6d ThinkPath
2f69 - 2f6d ThinkPath
2f75 - 2f79 ActionDie
2f69 - 2f6d ThinkPath
2f69 - 2f6d ThinkPath
2f6d - 2f71 ActionShoot
2f6d - 2f71 ActionShoot
2f75 - 2f79 ActionDie
2f6d - 2f71 ActionShoot
2f71 - 2f75 ThinkChase
2f71 - 2f75 ThinkChase
2f65 - 2f69 ThinkStand
2f69 - 2f6d ThinkPath
2f71 - 2f75 ThinkChase
2f69 - 2f6d ThinkPath
2f69 - 2f6d ThinkPath
2f6d - 2f71 ActionShoot
2f69 - 2f6d ThinkPath
2f69 - 2f6d ThinkPath
2f65 - 2f69 ThinkStand
2f6d - 2f71 ActionShoot
2f6d - 2f71 ActionShoot
2f75 - 2f79 ActionDie
2f65 - 2f69 ThinkStand
2f71 - 2f75 ThinkChase
2f69 - 2f6d ThinkPath
2f71 - 2f75 ThinkChase
2f71 - 2f75 ThinkChase
2f71 - 2f75 ThinkChase
2f69 - 2f6d ThinkPath
2f69 - 2f6d ThinkPath
2f69 - 2f6d ThinkPath
2f69 - 2f6d ThinkPath
2f69 - 2f6d ThinkPath
2f69 - 2f6d ThinkPath
2f69 - 2f6d ThinkPath
2f65 - 2f69 ThinkStand
2f65 - 2f69 ThinkStand
2f6d - 2f71 ActionShoot
2f75 - 2f79 ActionDie
2f71 - 2f75 ThinkChase
2f71 - 2f75 ThinkChase
2f71 - 2f75 ThinkChase
2f71 - 2f75 ThinkChase
2f71 - 2f75 ThinkChase
2f71 - 2f75 ThinkChase
2f69 - 2f6d ThinkPath
2f71 - 2f75 ThinkChase
2f69 - 2f6d ThinkPath
2f69 - 2f6d ThinkPath
2f69 - 2f6d ThinkPath
2f71 - 2f75 ThinkChase
2f65 - 2f69 ThinkStand
2f6d - 2f71 ActionShoot
2f75 - 2f79 ActionDie
2f71 - 2f75 ThinkChase
2f71 - 2f75 ThinkChase
2f71 - 2f75 ThinkChase
2f71 - 2f75 ThinkChase
2f69 - 2f6d ThinkPath
2f75 - 2f79 ActionDie
2f69 - 2f6d ThinkPath
2f71 - 2f75 ThinkChase
2f79 - 2f7d ThinkDogChase
2f71 - 2f75 ThinkChase
2f6d - 2f71 ActionShoot
2f6d - 2f71 ActionShoot
2f69 - 2f6d ThinkPath
2f7d - 2f81 ActionBite
2f65 - 2f69 ThinkStand
2f71 - 2f75 ThinkChase
2f69 - 2f6d ThinkPath
2f69 - 2f6d ThinkPath
2f75 - 2f79 ActionDie
2f69 - 2f6d ThinkPath
2f69 - 2f6d ThinkPath
2f79 - 2f7d ThinkDogChase
2f69 - 2f6d ThinkPath
2f79 - 2f7d ThinkDogChase
2f69 - 2f6d ThinkPath
2f69 - 2f6d ThinkPath
2f69 - 2f6d ThinkPath
2f65 - 2f69 ThinkStand
2f75 - 2f79 ActionDie
2f69 - 2f6d ThinkPath
2f69 - 2f6d ThinkPath
2f79 - 2f7d ThinkDogChase
2f71 - 2f75 ThinkChase
2e7a - 2e7b None
2e7a - 2e7b None
2e7a - 2e7b None
2e7a - 2e7b None
2e7a - 2e7b None
2e7a - 2e7b None
2e7a - 2e7b None
2e7a - 2e7b None
2e7a - 2e7b None
2e7a - 2e7b None
2e7a - 2e7b None
2e7a - 2e7b None
2e7a - 2e7b None
2e7a - 2e7b None
2e7a - 2e7b None
2e7a - 2e7b None
2e7a - 2e7b None
2e7a - 2e7b None
2e7a - 2e7b None
2e7a - 2e7b None
2e7a - 2e7b None
2e7a - 2e7b None
2e7a - 2e7b None
2e7a - 2e7b None
2e7a - 2e7b None
2e7a - 2e7b None
2e7a - 2e7b None
2e7a - 2e7b None
2e7a - 2e7b None
2e7a - 2e7b None
2e7a - 2e7b None
2e7a - 2e7b None
2e7a - 2e7b None
2e7a - 2e7b None
2e7a - 2e7b None
2e7a - 2e7b None
2e7a - 2e7b None
2e7a - 2e7b None
2e7a - 2e7b None
2e7a - 2e7b None
2e7a - 2e7b None
2e7a - 2e7b None
2e7a - 2e7b None
2e7a - 2e7b None
2e7a - 2e7b None
2e7a - 2e7b None
2e7a - 2e7b None
2e7a - 2e7b None
2e7a - 2e7b None
2e7a - 2e7b None
2e7a - 2e7b None
2e7a - 2e7b None
2e7a - 2e7b None
2e7a - 2e7b None
2e7a - 2e7b None
2e7a - 2e7b None
2e7a - 2e7b None
2e7a - 2e7b None
2e7a - 2e7b None
2e7a - 2e7b None
2e7a - 2e7b None
2e7a - 2e7b None
2e7a - 2e7b None
2e7a - 2e7b None
2e7a - 2e7b None
2e7a - 2e7b None
2e7a - 2e7b None
2e7a - 2e7b None
2e7a - 2e7b None
2e7a - 2e7b None
2e7a - 2e7b None
2e7a - 2e7b None
2e7a - 2e7b None
2e7a - 2e7b None
2e7a - 2e7b None
2e7a - 2e7b None
2e7a - 2e7b None
2e7a - 2e7b None
2e7a - 2e7b None
2e7a - 2e7b None
2e7a - 2e7b None
2e7a - 2e7b None
2e7a - 2e7b None
2e7a - 2e7b None
2e7a - 2e7b None
2e7a - 2e7b None
2e7a - 2e7b None
2e7a - 2e7b None
2e7a - 2e7b None
2e7a - 2e7b None
2e7a - 2e7b None
2e7a - 2e7b None
2e7a - 2e7b None
2e7a - 2e7b None
2e7a - 2e7b None
2e7a - 2e7b None
2e7a - 2e7b None
2e7a - 2e7b None
2e7a - 2e7b None
2e7a - 2e7b None
2e7a - 2e7b None
2e7a - 2e7b None
2e7a - 2e7b None
2e7a - 2e7b None
2e7a - 2e7b None
2e7a - 2e7b None
2e7a - 2e7b None
2e7a - 2e7b None
2e7a - 2e7b None
2e7a - 2e7b None
2e7a - 2e7b None
2e7a - 2e7b None
2e7a - 2e7b None
2e7a - 2e7b None
2e7a - 2e7b None
2e7a - 2e7b None
2e7a - 2e7b None
2e7a - 2e7b None
2e7a - 2e7b None
2e7a - 2e7b None
2e7a - 2e7b None
2e7a - 2e7b None
2e7a - 2e7b None
2e7a - 2e7b None
2e7a - 2e7b None
2e7a - 2e7b None
2e7a - 2e7b None
2e7a - 2e7b None
2e7a - 2e7b None
2e7a - 2e7b None
2e7a - 2e7b None
2e7a - 2e7b None
2e7a - 2e7b None
2e7a - 2e7b None
2e7a - 2e7b None
2e7a - 2e7b None
2e7a - 2e7b None
2e7a - 2e7b None
2e7a - 2e7b None
2e7a - 2e7b None
2e7a - 2e7b None
2e7a - 2e7b None
2e7a - 2e7b None
2e7a - 2e7b None
2e7a - 2e7b None
2e7a - 2e7b None
2e7a - 2e7b None
2e7a - 2e7b None
2e7a - 2e7b None
2e7a - 2e7b None
2e7a - 2e7b None
2e7a - 2e7b None
2e7a - 2e7b None
2e7a - 2e7b None
2e7a - 2e7b None
2e7a - 2e7b None
2e7a - 2e7b None
2e7a - 2e7b None
2e7a - 2e7b None
2e7a - 2e7b None
2e7a - 2e7b None
2e7a - 2e7b None
2e7a - 2e7b None
2e7a - 2e7b None
2e7a - 2e7b None
2e7a - 2e7b None
2e7a - 2e7b None
2e7a - 2e7b None
2e7a - 2e7b None
2e7a - 2e7b None
2e7a - 2e7b None
2e7a - 2e7b None
2e7a - 2e7b None
2e7a - 2e7b None
2e7a - 2e7b None
2e7a - 2e7b None
2e7a - 2e7b None
2e7a - 2e7b None
2e7a - 2e7b None
2e7a - 2e7b None
2e7a - 2e7b None
2e7a - 2e7b None
2e7a - 2e7b None
2e7a - 2e7b None
2e7a - 2e7b None
2e7a - 2e7b None
2e7a - 2e7b None
2e7a - 2e7b None
2e7a - 2e7b None
2e7a - 2e7b None
2e7a - 2e7b None
2e7a - 2e7b None
2e7a - 2e7b None
2e7a - 2e7b None
2e7a - 2e7b None
2e7a - 2e7b None
2e7a - 2e7b None
2e7a - 2e7b None
2e7a - 2e7b None
2e7a - 2e7b None
2e7a - 2e7b None
2e7a - 2e7b None
2e7a - 2e7b None
2e7a - 2e7b None
2e7a - 2e7b None
2e7a - 2e7b None
2e7a - 2e7b None
2e7a - 2e7b None
2e7a - 2e7b None
2e7a - 2e7b None
2e7a - 2e7b None
2e7a - 2e7b None
2e7a - 2e7b None
2e7a - 2e7b None
2e7a - 2e7b None
2e7a - 2e7b None
2e7a - 2e7b None
2e7a - 2e7b None
2e7a - 2e7b None
2e7a - 2e7b None
2e7a - 2e7b None
2e7a - 2e7b None
2e7a - 2e7b None
2e7a - 2e7b None
2e7a - 2e7b None
2e7a - 2e7b None
2e7a - 2e7b None
2e7a - 2e7b None
2e7a - 2e7b None
2e7a - 2e7b None
2e7a - 2e7b None
2e7a - 2e7b None
2e7a - 2e7b None
2e7a - 2e7b None
2e7a - 2e7b None
2e7a - 2e7b None
2e7a - 2e7b None
2e7a - 2e7b None
2e7a - 2e7b None
2e7a - 2e7b None
2e7a - 2e7b None
2e7a - 2e7b None
2e7a - 2e7b None
2e7a - 2e7b None
2e7a - 2e7b None
2e7a - 2e7b None
2e7a - 2e7b None
2e7a - 2e7b None
2e7a - 2e7b None
2e7a - 2e7b None
2e7a - 2e7b None
2e7a - 2e7b None
2e7a - 2e7b None
2e7a - 2e7b None
2e7a - 2e7b None
2e7a - 2e7b None
2e7a - 2e7b None
2e7a - 2e7b None
2e7a - 2e7b None
2e7a - 2e7b None
2e7a - 2e7b None
2e7a - 2e7b None
2e7a - 2e7b None
2e7a - 2e7b None
2e7a - 2e7b None
2e7a - 2e7b None
2e7a - 2e7b None
2e7a - 2e7b None
2e7a - 2e7b None
2e7a - 2e7b None
2e7a - 2e7b None
2e7a - 2e7b None
2e7a - 2e7b None
2e7a - 2e7b None
2e7a - 2e7b None
2e7a - 2e7b None
2e7a - 2e7b None
2e7a - 2e7b None
2e7a - 2e7b None
2e7a - 2e7b None
2e7a - 2e7b None
2e7a - 2e7b None
2e7a - 2e7b None
2e7a - 2e7b None
2e7a - 2e7b None
2e7a - 2e7b None
2e7a - 2e7b None
2e7a - 2e7b None
2e7a - 2e7b None
2e7a - 2e7b None
2e7a - 2e7b None
2e7a - 2e7b None
2e7a - 2e7b None
2e7a - 2e7b None
2e7a - 2e7b None
2e7a - 2e7b None
2e7a - 2e7b None
2e7a - 2e7b None
2e7a - 2e7b None
2e7a - 2e7b None
2e7a - 2e7b None
2e7a - 2e7b None
2e7a - 2e7b None
2e7a - 2e7b None
2e7a - 2e7b None
2e7a - 2e7b None
2e7a - 2e7b None
2e7a - 2e7b None
2e7a - 2e7b None
2e7a - 2e7b None
2e7a - 2e7b None
2e7a - 2e7b None
2e7a - 2e7b None
2e7a - 2e7b None
2e7a - 2e7b None
2e7a - 2e7b None
2e7a - 2e7b None
2e7a - 2e7b None
2e7a - 2e7b None
2e7a - 2e7b None
2e7a - 2e7b None
2e7a - 2e7b None
2e7a - 2e7b None
2e7a - 2e7b None
2e7a - 2e7b None
2e7a - 2e7b None
2e7a - 2e7b None
2e7a - 2e7b None
2e7a - 2e7b None
2e7a - 2e7b None
2e7a - 2e7b None
2e7a - 2e7b None
2e7a - 2e7b None
2e7a - 2e7b None
2e7a - 2e7b None
2e7a - 2e7b None
2e7a - 2e7b None
2e7a - 2e7b None
2e7a - 2e7b None
2e7a - 2e7b None
2e7a - 2e7b None
2e7a - 2e7b None
2e7a - 2e7b None
2e7a - 2e7b None
2e7a - 2e7b None
2e7a - 2e7b None
2e7a - 2e7b None
2e7a - 2e7b None
2e7a - 2e7b None
2e7a - 2e7b None
2e7a - 2e7b None
2e7a - 2e7b None
2e7a - 2e7b None
2e7a - 2e7b None
2e7a - 2e7b None
2e7a - 2e7b None
2e7a - 2e7b None
2e7a - 2e7b None
2e7a - 2e7b None
2e7a - 2e7b None
2e7a - 2e7b None
2e7a - 2e7b None
2e7a - 2e7b None
2e7a - 2e7b None
2e7a - 2e7b None
2e7a - 2e7b None
2e7a - 2e7b None
2e7a - 2e7b None
2e7a - 2e7b None
2e7a - 2e7b None
2e7a - 2e7b None
2e7a - 2e7b None
2e7a - 2e7b None
2e7a - 2e7b None
2e7a - 2e7b None
2e7a - 2e7b None
2e7a - 2e7b None
2e7a - 2e7b None
2e7a - 2e7b None
2e7a - 2e7b None
2e7a - 2e7b None
2e7a - 2e7b None
2e7a - 2e7b None
2e7a - 2e7b None
2e7a - 2e7b None
2e7a - 2e7b None
2e7a - 2e7b None
2e7a - 2e7b None
2e7a - 2e7b None
2e7a - 2e7b None
2e7a - 2e7b None
2e7a - 2e7b None
2e7a - 2e7b None
2e7a - 2e7b None
2e7a - 2e7b None
2e7a - 2e7b None
2e7a - 2e7b None
2e7a - 2e7b None
2e7a - 2e7b None
2e7a - 2e7b None
2e7a - 2e7b None
2e7a - 2e7b None
2e7a - 2e7b None
2e7a - 2e7b None
2e7a - 2e7b None
2e7a - 2e7b None
2e7a - 2e7b None
2e7a - 2e7b None
2e7a - 2e7b None
2e7a - 2e7b None
2e7a - 2e7b None
2e7a - 2e7b None
2e7a - 2e7b None
2e7a - 2e7b None
2e7a - 2e7b None
2e7a - 2e7b None
2e7a - 2e7b None
2e7a - 2e7b None
2e7a - 2e7b None
2e7a - 2e7b None
2e7a - 2e7b None
2e7a - 2e7b None
2e7a - 2e7b None
2e7a - 2e7b None
2e7a - 2e7b None
2e7a - 2e7b None
2e7a - 2e7b None
2e7a - 2e7b None
2e7a - 2e7b None
2e7a - 2e7b None
2e7a - 2e7b None
2e7a - 2e7b None
2e7a - 2e7b None
2e7a - 2e7b None
2e7a - 2e7b None
2e7a - 2e7b None
2e7a - 2e7b None
2e7a - 2e7b None
2e7a - 2e7b None
2e7a - 2e7b None
2e7a - 2e7b None
2e7a - 2e7b None
2e7a - 2e7b None
2e7a - 2e7b None
2e7a - 2e7b None
2e7a - 2e7b None
2e7a - 2e7b None
2e7a - 2e7b None
2e7a - 2e7b None
2e7a - 2e7b None
2e7a - 2e7b None
2e7a - 2e7b None
2e7a - 2e7b None
2e7a - 2e7b None
2e7a - 2e7b None
2e7a - 2e7b None
2e7a - 2e7b None
2e7a - 2e7b None
2e7a - 2e7b None
2e7a - 2e7b None
2e7a - 2e7b None
2e7a - 2e7b None
2e7a - 2e7b None
2e7a - 2e7b None
2e7a - 2e7b None
2e7a - 2e7b None
2e7a - 2e7b None
2e7a - 2e7b None
2e7a - 2e7b None
2e7a - 2e7b None
2e7a - 2e7b None
2e7a - 2e7b None
2e7a - 2e7b None
2e7a - 2e7b None
2e7a - 2e7b None
2e7a - 2e7b None
2e7a - 2e7b None
2e7a - 2e7b None
2e7a - 2e7b None
2e7a - 2e7b None
2e7a - 2e7b None
2e7a - 2e7b None
2e7a - 2e7b None
2e7a - 2e7b None
2e7a - 2e7b None
2e7a - 2e7b None
2e7a - 2e7b None
