2e68 - 2e8f ChaingunAttackCheckIdle
2e8f - 2eae WeaponAttackCheckIdle
2e70 - 2e8f WeaponAttackCheckIdle
2eae - 2ecd WeaponAttackCheckIdle
2eae - 2ecd WeaponAttackCheckIdle
2ecd - 2ee2 WeaponIdleCheckFire
2ee2 - 2ef7 WeaponIdleCheckFire
2ef7 - 2f0c CheckOpenDoor
2f0c - 2f21 WeaponIdleCheckFire
2f21 - 2f36 WeaponIdleCheckFire
2f36 - 2f4a CheckDoorBlocked
2f4a - 2f5e DeathScreamBrown
2f5e - 2f6e CheckCloseDoor
2f6e - 2f7b IncOpen
2f7b - 2f88 DecOpen
2f88 - 2f91 ActionShootMg
2f91 - 2f9a ActionShootChain
2f9a - 2fa3 ActionShootPistol
2fa3 - 2fab DeathScreamFurry
2fab - 2fb3 DeathScreamBlue
2fb3 - 2fbb DeathScreamWhite
2fbb - 2fc3 DeathScreamRotten
2fc3 - 2fc7 ThinkStand
2fc7 - 2fcb ThinkPath
2fcb - 2fcf ThinkChase
2fcb - 2fcf ThinkChase
2fcf - 2fd3 ActionDie
2fcb - 2fcf ThinkChase
2f8d - 2f91 ActionShoot
2fcf - 2fd3 ActionDie
2fcb - 2fcf ThinkChase
2fcb - 2fcf ThinkChase
2fcb - 2fcf ThinkChase
2fcb - 2fcf ThinkChase
2fcf - 2fd3 ActionDie
2fcb - 2fcf ThinkChase
2fc7 - 2fcb ThinkPath
2fc7 - 2fcb ThinkPath
2fc7 - 2fcb ThinkPath
2fc7 - 2fcb ThinkPath
2fc3 - 2fc7 ThinkStand
2f8d - 2f91 ActionShoot
2f8d - 2f91 ActionShoot
2fcf - 2fd3 ActionDie
2fcb - 2fcf ThinkChase
2fc3 - 2fc7 ThinkStand
2fcb - 2fcf ThinkChase
2fc7 - 2fcb ThinkPath
2fcb - 2fcf ThinkChase
2fcb - 2fcf ThinkChase
2fc7 - 2fcb ThinkPath
2fc7 - 2fcb ThinkPath
2fc7 - 2fcb ThinkPath
2fc7 - 2fcb ThinkPath
2fc7 - 2fcb ThinkPath
2fc7 - 2fcb ThinkPath
2fc3 - 2fc7 ThinkStand
2fc7 - 2fcb ThinkPath
2f8d - 2f91 ActionShoot
2fcf - 2fd3 ActionDie
2fcb - 2fcf ThinkChase
2fcb - 2fcf ThinkChase
2fcb - 2fcf ThinkChase
2fcb - 2fcf ThinkChase
2fcb - 2fcf ThinkChase
2fc7 - 2fcb ThinkPath
2fc7 - 2fcb ThinkPath
2fcb - 2fcf ThinkChase
2fc7 - 2fcb ThinkPath
2fcb - 2fcf ThinkChase
2fc7 - 2fcb ThinkPath
2fc3 - 2fc7 ThinkStand
2f8d - 2f91 ActionShoot
2fcb - 2fcf ThinkChase
2fcf - 2fd3 ActionDie
2fcb - 2fcf ThinkChase
2fcb - 2fcf ThinkChase
2fcb - 2fcf ThinkChase
2fcb - 2fcf ThinkChase
2fcf - 2fd3 ActionDie
2fc7 - 2fcb ThinkPath
2fc7 - 2fcb ThinkPath
2fc7 - 2fcb ThinkPath
2fc7 - 2fcb ThinkPath
2fcb - 2fcf ThinkChase
2f8d - 2f91 ActionShoot
2f8d - 2f91 ActionShoot
2fcf - 2fd3 ActionDie
2fcb - 2fcf ThinkChase
2f8d - 2f91 ActionShoot
2fcb - 2fcf ThinkChase
2fcb - 2fcf ThinkChase
2fcb - 2fcf ThinkChase
2f8d - 2f91 ActionShoot
2fc7 - 2fcb ThinkPath
2fc7 - 2fcb ThinkPath
2fc7 - 2fcb ThinkPath
2f8d - 2f91 ActionShoot
2fc7 - 2fcb ThinkPath
2fc3 - 2fc7 ThinkStand
2fc3 - 2fc7 ThinkStand
2f8d - 2f91 ActionShoot
2fc7 - 2fcb ThinkPath
2fcf - 2fd3 ActionDie
2fcb - 2fcf ThinkChase
2fcb - 2fcf ThinkChase
2fc7 - 2fcb ThinkPath
2fcb - 2fcf ThinkChase
2fc7 - 2fcb ThinkPath
2fcb - 2fcf ThinkChase
2fc7 - 2fcb ThinkPath
2fc7 - 2fcb ThinkPath
2fc7 - 2fcb ThinkPath
2fc7 - 2fcb ThinkPath
2fc7 - 2fcb ThinkPath
2fc3 - 2fc7 ThinkStand
2fc3 - 2fc7 ThinkStand
2f8d - 2f91 ActionShoot
2fcb - 2fcf ThinkChase
2fcf - 2fd3 ActionDie
2fcb - 2fcf ThinkChase
2fcb - 2fcf ThinkChase
2fcb - 2fcf ThinkChase
2fcb - 2fcf ThinkChase
2fcb - 2fcf ThinkChase
2fcb - 2fcf ThinkChase
2fc7 - 2fcb ThinkPath
2fc7 - 2fcb ThinkPath
2fcb - 2fcf ThinkChase
2fc7 - 2fcb ThinkPath
2fc7 - 2fcb ThinkPath
2fc7 - 2fcb ThinkPath
2fc3 - 2fc7 ThinkStand
2f8d - 2f91 ActionShoot
2fcf - 2fd3 ActionDie
2fcb - 2fcf ThinkChase
2fcb - 2fcf ThinkChase
2fcf - 2fd3 ActionDie
2fcb - 2fcf ThinkChase
2fcb - 2fcf ThinkChase
2fd3 - 2fd7 ThinkDogChase
2fc7 - 2fcb ThinkPath
2fc3 - 2fc7 ThinkStand
2f8d - 2f91 ActionShoot
2fcb - 2fcf ThinkChase
2fc7 - 2fcb ThinkPath
2fc3 - 2fc7 ThinkStand
2fd3 - 2fd7 ThinkDogChase
2fc7 - 2fcb ThinkPath
2fc7 - 2fcb ThinkPath
2fc7 - 2fcb ThinkPath
2fc7 - 2fcb ThinkPath
2fc7 - 2fcb ThinkPath
2fc7 - 2fcb ThinkPath
2fc7 - 2fcb ThinkPath
2fc7 - 2fcb ThinkPath
2fc7 - 2fcb ThinkPath
2fcf - 2fd3 ActionDie
2fc7 - 2fcb ThinkPath
2fd3 - 2fd7 ThinkDogChase
2fc7 - 2fcb ThinkPath
2fd3 - 2fd7 ThinkDogChase
2f8d - 2f91 ActionShoot
2fc7 - 2fcb ThinkPath
2fcb - 2fcf ThinkChase
2fd7 - 2fdb ActionBite
2fcf - 2fd3 ActionDie
2f8d - 2f91 ActionShoot
2fcb - 2fcf ThinkChase
2fc7 - 2fcb ThinkPath
2e7f - 2e80 None
2e7f - 2e80 None
2e7f - 2e80 None
2e7f - 2e80 None
2e7f - 2e80 None
2e7f - 2e80 None
2e7f - 2e80 None
2e7f - 2e80 None
2e7f - 2e80 None
2e7f - 2e80 None
2e7f - 2e80 None
2e7f - 2e80 None
2e7f - 2e80 None
2e7f - 2e80 None
2e7f - 2e80 None
2e7f - 2e80 None
2e7f - 2e80 None
2e7f - 2e80 None
2e7f - 2e80 None
2e7f - 2e80 None
2e7f - 2e80 None
2e7f - 2e80 None
2e7f - 2e80 None
2e7f - 2e80 None
2e7f - 2e80 None
2e7f - 2e80 None
2e7f - 2e80 None
2e7f - 2e80 None
2e7f - 2e80 None
2e7f - 2e80 None
2e7f - 2e80 None
2e7f - 2e80 None
2e7f - 2e80 None
2e7f - 2e80 None
2e7f - 2e80 None
2e7f - 2e80 None
2e7f - 2e80 None
2e7f - 2e80 None
2e7f - 2e80 None
2e7f - 2e80 None
2e7f - 2e80 None
2e7f - 2e80 None
2e7f - 2e80 None
2e7f - 2e80 None
2e7f - 2e80 None
2e7f - 2e80 None
2e7f - 2e80 None
2e7f - 2e80 None
2e7f - 2e80 None
2e7f - 2e80 None
2e7f - 2e80 None
2e7f - 2e80 None
2e7f - 2e80 None
2e7f - 2e80 None
2e7f - 2e80 None
2e7f - 2e80 None
2e7f - 2e80 None
2e7f - 2e80 None
2e7f - 2e80 None
2e7f - 2e80 None
2e7f - 2e80 None
2e7f - 2e80 None
2e7f - 2e80 None
2e7f - 2e80 None
2e7f - 2e80 None
2e7f - 2e80 None
2e7f - 2e80 None
2e7f - 2e80 None
2e7f - 2e80 None
2e7f - 2e80 None
2e7f - 2e80 None
2e7f - 2e80 None
2e7f - 2e80 None
2e7f - 2e80 None
2e7f - 2e80 None
2e7f - 2e80 None
2e7f - 2e80 None
2e7f - 2e80 None
2e7f - 2e80 None
2e7f - 2e80 None
2e7f - 2e80 None
2e7f - 2e80 None
2e7f - 2e80 None
2e7f - 2e80 None
2e7f - 2e80 None
2e7f - 2e80 None
2e7f - 2e80 None
2e7f - 2e80 None
2e7f - 2e80 None
2e7f - 2e80 None
2e7f - 2e80 None
2e7f - 2e80 None
2e7f - 2e80 None
2e7f - 2e80 None
2e7f - 2e80 None
2e7f - 2e80 None
2e7f - 2e80 None
2e7f - 2e80 None
2e7f - 2e80 None
2e7f - 2e80 None
2e7f - 2e80 None
2e7f - 2e80 None
2e7f - 2e80 None
2e7f - 2e80 None
2e7f - 2e80 None
2e7f - 2e80 None
2e7f - 2e80 None
2e7f - 2e80 None
2e7f - 2e80 None
2e7f - 2e80 None
2e7f - 2e80 None
2e7f - 2e80 None
2e7f - 2e80 None
2e7f - 2e80 None
2e7f - 2e80 None
2e7f - 2e80 None
2e7f - 2e80 None
2e7f - 2e80 None
2e7f - 2e80 None
2e7f - 2e80 None
2e7f - 2e80 None
2e7f - 2e80 None
2e7f - 2e80 None
2e7f - 2e80 None
2e7f - 2e80 None
2e7f - 2e80 None
2e7f - 2e80 None
2e7f - 2e80 None
2e7f - 2e80 None
2e7f - 2e80 None
2e7f - 2e80 None
2e7f - 2e80 None
2e7f - 2e80 None
2e7f - 2e80 None
2e7f - 2e80 None
2e7f - 2e80 None
2e7f - 2e80 None
2e7f - 2e80 None
2e7f - 2e80 None
2e7f - 2e80 None
2e7f - 2e80 None
2e7f - 2e80 None
2e7f - 2e80 None
2e7f - 2e80 None
2e7f - 2e80 None
2e7f - 2e80 None
2e7f - 2e80 None
2e7f - 2e80 None
2e7f - 2e80 None
2e7f - 2e80 None
2e7f - 2e80 None
2e7f - 2e80 None
2e7f - 2e80 None
2e7f - 2e80 None
2e7f - 2e80 None
2e7f - 2e80 None
2e7f - 2e80 None
2e7f - 2e80 None
2e7f - 2e80 None
2e7f - 2e80 None
2e7f - 2e80 None
2e7f - 2e80 None
2e7f - 2e80 None
2e7f - 2e80 None
2e7f - 2e80 None
2e7f - 2e80 None
2e7f - 2e80 None
2e7f - 2e80 None
2e7f - 2e80 None
2e7f - 2e80 None
2e7f - 2e80 None
2e7f - 2e80 None
2e7f - 2e80 None
2e7f - 2e80 None
2e7f - 2e80 None
2e7f - 2e80 None
2e7f - 2e80 None
2e7f - 2e80 None
2e7f - 2e80 None
2e7f - 2e80 None
2e7f - 2e80 None
2e7f - 2e80 None
2e7f - 2e80 None
2e7f - 2e80 None
2e7f - 2e80 None
2e7f - 2e80 None
2e7f - 2e80 None
2e7f - 2e80 None
2e7f - 2e80 None
2e7f - 2e80 None
2e7f - 2e80 None
2e7f - 2e80 None
2e7f - 2e80 None
2e7f - 2e80 None
2e7f - 2e80 None
2e7f - 2e80 None
2e7f - 2e80 None
2e7f - 2e80 None
2e7f - 2e80 None
2e7f - 2e80 None
2e7f - 2e80 None
2e7f - 2e80 None
2e7f - 2e80 None
2e7f - 2e80 None
2e7f - 2e80 None
2e7f - 2e80 None
2e7f - 2e80 None
2e7f - 2e80 None
2e7f - 2e80 None
2e7f - 2e80 None
2e7f - 2e80 None
2e7f - 2e80 None
2e7f - 2e80 None
2e7f - 2e80 None
2e7f - 2e80 None
2e7f - 2e80 None
2e7f - 2e80 None
2e7f - 2e80 None
2e7f - 2e80 None
2e7f - 2e80 None
2e7f - 2e80 None
2e7f - 2e80 None
2e7f - 2e80 None
2e7f - 2e80 None
2e7f - 2e80 None
2e7f - 2e80 None
2e7f - 2e80 None
2e7f - 2e80 None
2e7f - 2e80 None
2e7f - 2e80 None
2e7f - 2e80 None
2e7f - 2e80 None
2e7f - 2e80 None
2e7f - 2e80 None
2e7f - 2e80 None
2e7f - 2e80 None
2e7f - 2e80 None
2e7f - 2e80 None
2e7f - 2e80 None
2e7f - 2e80 None
2e7f - 2e80 None
2e7f - 2e80 None
2e7f - 2e80 None
2e7f - 2e80 None
2e7f - 2e80 None
2e7f - 2e80 None
2e7f - 2e80 None
2e7f - 2e80 None
2e7f - 2e80 None
2e7f - 2e80 None
2e7f - 2e80 None
2e7f - 2e80 None
2e7f - 2e80 None
2e7f - 2e80 None
2e7f - 2e80 None
2e7f - 2e80 None
2e7f - 2e80 None
2e7f - 2e80 None
2e7f - 2e80 None
2e7f - 2e80 None
2e7f - 2e80 None
2e7f - 2e80 None
2e7f - 2e80 None
2e7f - 2e80 None
2e7f - 2e80 None
2e7f - 2e80 None
2e7f - 2e80 None
2e7f - 2e80 None
2e7f - 2e80 None
2e7f - 2e80 None
2e7f - 2e80 None
2e7f - 2e80 None
2e7f - 2e80 None
2e7f - 2e80 None
2e7f - 2e80 None
2e7f - 2e80 None
2e7f - 2e80 None
2e7f - 2e80 None
2e7f - 2e80 None
2e7f - 2e80 None
2e7f - 2e80 None
2e7f - 2e80 None
2e7f - 2e80 None
2e7f - 2e80 None
2e7f - 2e80 None
2e7f - 2e80 None
2e7f - 2e80 None
2e7f - 2e80 None
2e7f - 2e80 None
2e7f - 2e80 None
2e7f - 2e80 None
2e7f - 2e80 None
2e7f - 2e80 None
2e7f - 2e80 None
2e7f - 2e80 None
2e7f - 2e80 None
2e7f - 2e80 None
2e7f - 2e80 None
2e7f - 2e80 None
2e7f - 2e80 None
2e7f - 2e80 None
2e7f - 2e80 None
2e7f - 2e80 None
2e7f - 2e80 None
2e7f - 2e80 None
2e7f - 2e80 None
2e7f - 2e80 None
2e7f - 2e80 None
2e7f - 2e80 None
2e7f - 2e80 None
2e7f - 2e80 None
2e7f - 2e80 None
2e7f - 2e80 None
2e7f - 2e80 None
2e7f - 2e80 None
2e7f - 2e80 None
2e7f - 2e80 None
2e7f - 2e80 None
2e7f - 2e80 None
2e7f - 2e80 None
2e7f - 2e80 None
2e7f - 2e80 None
2e7f - 2e80 None
2e7f - 2e80 None
2e7f - 2e80 None
2e7f - 2e80 None
2e7f - 2e80 None
2e7f - 2e80 None
2e7f - 2e80 None
2e7f - 2e80 None
2e7f - 2e80 None
2e7f - 2e80 None
2e7f - 2e80 None
2e7f - 2e80 None
2e7f - 2e80 None
2e7f - 2e80 None
2e7f - 2e80 None
2e7f - 2e80 None
2e7f - 2e80 None
2e7f - 2e80 None
2e7f - 2e80 None
2e7f - 2e80 None
2e7f - 2e80 None
2e7f - 2e80 None
2e7f - 2e80 None
2e7f - 2e80 None
2e7f - 2e80 None
2e7f - 2e80 None
2e7f - 2e80 None
2e7f - 2e80 None
2e7f - 2e80 None
2e7f - 2e80 None
2e7f - 2e80 None
2e7f - 2e80 None
2e7f - 2e80 None
2e7f - 2e80 None
2e7f - 2e80 None
2e7f - 2e80 None
2e7f - 2e80 None
2e7f - 2e80 None
2e7f - 2e80 None
2e7f - 2e80 None
2e7f - 2e80 None
2e7f - 2e80 None
2e7f - 2e80 None
2e7f - 2e80 None
2e7f - 2e80 None
2e7f - 2e80 None
2e7f - 2e80 None
2e7f - 2e80 None
2e7f - 2e80 None
2e7f - 2e80 None
2e7f - 2e80 None
2e7f - 2e80 None
2e7f - 2e80 None
2e7f - 2e80 None
2e7f - 2e80 None
2e7f - 2e80 None
2e7f - 2e80 None
2e7f - 2e80 None
2e7f - 2e80 None
2e7f - 2e80 None
2e7f - 2e80 None
2e7f - 2e80 None
2e7f - 2e80 None
2e7f - 2e80 None
2e7f - 2e80 None
2e7f - 2e80 None
2e7f - 2e80 None
2e7f - 2e80 None
2e7f - 2e80 None
2e7f - 2e80 None
2e7f - 2e80 None
2e7f - 2e80 None
2e7f - 2e80 None
2e7f - 2e80 None
2e7f - 2e80 None
2e7f - 2e80 None
2e7f - 2e80 None
2e7f - 2e80 None
2e7f - 2e80 None
2e7f - 2e80 None
2e7f - 2e80 None
2e7f - 2e80 None
2e7f - 2e80 None
2e7f - 2e80 None
2e7f - 2e80 None
2e7f - 2e80 None
2e7f - 2e80 None
2e7f - 2e80 None
2e7f - 2e80 None
2e7f - 2e80 None
2e7f - 2e80 None
2e7f - 2e80 None
2e7f - 2e80 None
2e7f - 2e80 None
2e7f - 2e80 None
2e7f - 2e80 None
2e7f - 2e80 None
2e7f - 2e80 None
2e7f - 2e80 None
2e7f - 2e80 None
2e7f - 2e80 None
2e7f - 2e80 None
2e7f - 2e80 None
2e7f - 2e80 None
2e7f - 2e80 None
2e7f - 2e80 None
2e7f - 2e80 None
2e7f - 2e80 None
2e7f - 2e80 None
2e7f - 2e80 None
2e7f - 2e80 None
2e7f - 2e80 None
2e7f - 2e80 None
2e7f - 2e80 None
2e7f - 2e80 None
2e7f - 2e80 None
2e7f - 2e80 None
2e7f - 2e80 None
2e7f - 2e80 None
2e7f - 2e80 None
2e7f - 2e80 None
2e7f - 2e80 None
2e7f - 2e80 None
2e7f - 2e80 None
2e7f - 2e80 None
2e7f - 2e80 None
2e7f - 2e80 None
2e7f - 2e80 None
2e7f - 2e80 None
2e7f - 2e80 None
2e7f - 2e80 None
2e7f - 2e80 None
2e7f - 2e80 None
2e7f - 2e80 None
2e7f - 2e80 None
2e7f - 2e80 None
2e7f - 2e80 None
2e7f - 2e80 None
2e7f - 2e80 None
2e7f - 2e80 None
2e7f - 2e80 None
2e7f - 2e80 None
2e7f - 2e80 None
2e7f - 2e80 None
2e7f - 2e80 None
2e7f - 2e80 None
2e7f - 2e80 None
2e7f - 2e80 None
2e7f - 2e80 None
2e7f - 2e80 None
2e7f - 2e80 None
2e7f - 2e80 None
2e7f - 2e80 None
2e7f - 2e80 None
2e7f - 2e80 None
2e7f - 2e80 None
2e7f - 2e80 None
2e7f - 2e80 None
2e7f - 2e80 None
2e7f - 2e80 None
