2fe1 - 2fe2 ThinkStand
2fe1 - 2fe2 None
2fe1 - 2fe2 ThinkPath
2fe1 - 2fe2 None
2fe1 - 2fe2 None
2fe1 - 2fe2 None
2fe1 - 2fe2 ThinkPath
2fe1 - 2fe2 None
2fe1 - 2fe2 ThinkPath
2fe1 - 2fe2 None
2fe1 - 2fe2 None
2fe1 - 2fe2 None
2fe1 - 2fe2 ThinkPath
2fe1 - 2fe2 None
2fe1 - 2fe2 None
2fe1 - 2fe2 None
2fe1 - 2fe2 None
2fe1 - 2fe2 None
2fe1 - 2fe2 None
2fe1 - 2fe2 SightBrown
2fe1 - 2fe2 ThinkChase
2fe1 - 2fe2 None
2fe1 - 2fe2 None
2fe1 - 2fe2 None
2fe1 - 2fe2 ThinkChase
2fe1 - 2fe2 None
2fe1 - 2fe2 ThinkChase
2fe1 - 2fe2 None
2fe1 - 2fe2 None
2fe1 - 2fe2 None
2fe1 - 2fe2 ThinkChase
2fe1 - 2fe2 None
2fe1 - 2fe2 None
2fe1 - 2fe2 DeathScreamBrown
2fe1 - 2fe2 None
2fe1 - 2fe2 ActionDie
2fe1 - 2fe2 None
2fe1 - 2fe2 None
2fe1 - 2fe2 None
2fe1 - 2fe2 None
2fe1 - 2fe2 None
2fe1 - 2fe2 None
2fe1 - 2fe2 None
2fe1 - 2fe2 ActionShoot
2fe1 - 2fe2 None
2fe1 - 2fe2 None
2fe1 - 2fe2 ThinkStand
2fe1 - 2fe2 None
2fe1 - 2fe2 ThinkPath
2fe1 - 2fe2 None
2fe1 - 2fe2 None
2fe1 - 2fe2 None
2fe1 - 2fe2 ThinkPath
2fe1 - 2fe2 None
2fe1 - 2fe2 ThinkPath
2fe1 - 2fe2 None
2fe1 - 2fe2 None
2fe1 - 2fe2 None
2fe1 - 2fe2 ThinkPath
2fe1 - 2fe2 None
2fe1 - 2fe2 None
2fe1 - 2fe2 None
2fe1 - 2fe2 None
2fe1 - 2fe2 None
2fe1 - 2fe2 None
2fe1 - 2fe2 SightBlue
2fe1 - 2fe2 ThinkChase
2fe1 - 2fe2 None
2fe1 - 2fe2 None
2fe1 - 2fe2 None
2fe1 - 2fe2 ThinkChase
2fe1 - 2fe2 None
2fe1 - 2fe2 ThinkChase
2fe1 - 2fe2 None
2fe1 - 2fe2 None
2fe1 - 2fe2 None
2fe1 - 2fe2 ThinkChase
2fe1 - 2fe2 None
2fe1 - 2fe2 None
2fe1 - 2fe2 DeathScreamBlue
2fe1 - 2fe2 None
2fe1 - 2fe2 None
2fe1 - 2fe2 None
2fe1 - 2fe2 ActionDie
2fe1 - 2fe2 None
2fe1 - 2fe2 None
2fe1 - 2fe2 None
2fe1 - 2fe2 None
2fe1 - 2fe2 None
2fe1 - 2fe2 ActionShoot
2fe1 - 2fe2 None
2fe1 - 2fe2 None
2fe1 - 2fe2 None
2fe1 - 2fe2 ActionShoot
2fe1 - 2fe2 None
2fe1 - 2fe2 None
2fe1 - 2fe2 None
2fe1 - 2fe2 ActionShoot
2fe1 - 2fe2 None
2fe1 - 2fe2 None
2fe1 - 2fe2 None
2fe1 - 2fe2 ActionShoot
2fe1 - 2fe2 None
2fe1 - 2fe2 None
2fe1 - 2fe2 ThinkStand
2fe1 - 2fe2 None
2fe1 - 2fe2 ThinkPath
2fe1 - 2fe2 None
2fe1 - 2fe2 None
2fe1 - 2fe2 None
2fe1 - 2fe2 ThinkPath
2fe1 - 2fe2 None
2fe1 - 2fe2 ThinkPath
2fe1 - 2fe2 None
2fe1 - 2fe2 None
2fe1 - 2fe2 None
2fe1 - 2fe2 ThinkPath
2fe1 - 2fe2 None
2fe1 - 2fe2 None
2fe1 - 2fe2 None
2fe1 - 2fe2 None
2fe1 - 2fe2 None
2fe1 - 2fe2 None
2fe1 - 2fe2 SightWhite
2fe1 - 2fe2 ThinkChase
2fe1 - 2fe2 None
2fe1 - 2fe2 None
2fe1 - 2fe2 None
2fe1 - 2fe2 ThinkChase
2fe1 - 2fe2 None
2fe1 - 2fe2 ThinkChase
2fe1 - 2fe2 None
2fe1 - 2fe2 None
2fe1 - 2fe2 None
2fe1 - 2fe2 ThinkChase
2fe1 - 2fe2 None
2fe1 - 2fe2 None
2fe1 - 2fe2 DeathScreamWhite
2fe1 - 2fe2 None
2fe1 - 2fe2 None
2fe1 - 2fe2 None
2fe1 - 2fe2 None
2fe1 - 2fe2 None
2fe1 - 2fe2 ActionDie
2fe1 - 2fe2 None
2fe1 - 2fe2 None
2fe1 - 2fe2 None
2fe1 - 2fe2 None
2fe1 - 2fe2 None
2fe1 - 2fe2 ActionShoot
2fe1 - 2fe2 None
2fe1 - 2fe2 None
2fe1 - 2fe2 ThinkStand
2fe1 - 2fe2 None
2fe1 - 2fe2 ThinkPath
2fe1 - 2fe2 None
2fe1 - 2fe2 None
2fe1 - 2fe2 None
2fe1 - 2fe2 ThinkPath
2fe1 - 2fe2 None
2fe1 - 2fe2 ThinkPath
2fe1 - 2fe2 None
2fe1 - 2fe2 None
2fe1 - 2fe2 None
2fe1 - 2fe2 ThinkPath
2fe1 - 2fe2 None
2fe1 - 2fe2 None
2fe1 - 2fe2 None
2fe1 - 2fe2 None
2fe1 - 2fe2 None
2fe1 - 2fe2 ThinkChase
2fe1 - 2fe2 None
2fe1 - 2fe2 None
2fe1 - 2fe2 None
2fe1 - 2fe2 ThinkChase
2fe1 - 2fe2 None
2fe1 - 2fe2 ThinkChase
2fe1 - 2fe2 None
2fe1 - 2fe2 None
2fe1 - 2fe2 None
2fe1 - 2fe2 ThinkChase
2fe1 - 2fe2 None
2fe1 - 2fe2 None
2fe1 - 2fe2 DeathScreamRotten
2fe1 - 2fe2 None
2fe1 - 2fe2 None
2fe1 - 2fe2 None
2fe1 - 2fe2 None
2fe1 - 2fe2 None
2fe1 - 2fe2 ActionDie
2fe1 - 2fe2 None
2fe1 - 2fe2 None
2fe1 - 2fe2 None
2fe1 - 2fe2 ActionShoot
2fe1 - 2fe2 None
2fe1 - 2fe2 None
2fe1 - 2fe2 None
2fe1 - 2fe2 ActionShoot
2fe1 - 2fe2 None
2fe1 - 2fe2 None
2fe1 - 2fe2 ThinkPath
2fe1 - 2fe2 None
2fe1 - 2fe2 ThinkPath
2fe1 - 2fe2 None
2fe1 - 2fe2 None
2fe1 - 2fe2 None
2fe1 - 2fe2 ThinkPath
2fe1 - 2fe2 None
2fe1 - 2fe2 ThinkPath
2fe1 - 2fe2 None
2fe1 - 2fe2 None
2fe1 - 2fe2 None
2fe1 - 2fe2 ThinkPath
2fe1 - 2fe2 None
2fe1 - 2fe2 None
2fe1 - 2fe2 None
2fe1 - 2fe2 None
2fe1 - 2fe2 None
2fe1 - 2fe2 ThinkDogChase
2fe1 - 2fe2 None
2fe1 - 2fe2 None
2fe1 - 2fe2 None
2fe1 - 2fe2 ThinkDogChase
2fe1 - 2fe2 None
2fe1 - 2fe2 ThinkDogChase
2fe1 - 2fe2 None
2fe1 - 2fe2 None
2fe1 - 2fe2 None
2fe1 - 2fe2 ThinkDogChase
2fe1 - 2fe2 None
2fe1 - 2fe2 None
2fe1 - 2fe2 DeathScreamFurry
2fe1 - 2fe2 None
2fe1 - 2fe2 None
2fe1 - 2fe2 None
2fe1 - 2fe2 ActionDie
2fe1 - 2fe2 None
2fe1 - 2fe2 None
2fe1 - 2fe2 None
2fe1 - 2fe2 None
2fe1 - 2fe2 None
2fe1 - 2fe2 ActionBite
2fe1 - 2fe2 None
2fe1 - 2fe2 None
2fe1 - 2fe2 None
2fe1 - 2fe2 None
2fe1 - 2fe2 None
2fe1 - 2fe2 None
2fe1 - 2fe2 ThinkStand
2fe1 - 2fe2 None
2fe1 - 2fe2 ThinkPath
2fe1 - 2fe2 None
2fe1 - 2fe2 None
2fe1 - 2fe2 None
2fe1 - 2fe2 ThinkPath
2fe1 - 2fe2 None
2fe1 - 2fe2 ThinkPath
2fe1 - 2fe2 None
2fe1 - 2fe2 None
2fe1 - 2fe2 None
2fe1 - 2fe2 ThinkPath
2fe1 - 2fe2 None
2fe1 - 2fe2 None
2fe1 - 2fe2 None
2fe1 - 2fe2 None
2fe1 - 2fe2 None
2fe1 - 2fe2 ThinkChase
2fe1 - 2fe2 None
2fe1 - 2fe2 None
2fe1 - 2fe2 None
2fe1 - 2fe2 ThinkChase
2fe1 - 2fe2 None
2fe1 - 2fe2 ThinkChase
2fe1 - 2fe2 None
2fe1 - 2fe2 None
2fe1 - 2fe2 None
2fe1 - 2fe2 ThinkChase
2fe1 - 2fe2 None
2fe1 - 2fe2 None
2fe1 - 2fe2 None
2fe1 - 2fe2 None
2fe1 - 2fe2 ActionDie
2fe1 - 2fe2 None
2fe1 - 2fe2 None
2fe1 - 2fe2 None
2fe1 - 2fe2 None
2fe1 - 2fe2 None
2fe1 - 2fe2 None
2fe1 - 2fe2 None
2fe1 - 2fe2 ActionShoot
2fe1 - 2fe2 None
2fe1 - 2fe2 None
2fe1 - 2fe2 ThinkStand
2fe1 - 2fe2 None
2fe1 - 2fe2 ThinkPath
2fe1 - 2fe2 None
2fe1 - 2fe2 None
2fe1 - 2fe2 None
2fe1 - 2fe2 ThinkPath
2fe1 - 2fe2 None
2fe1 - 2fe2 ThinkPath
2fe1 - 2fe2 None
2fe1 - 2fe2 None
2fe1 - 2fe2 None
2fe1 - 2fe2 ThinkPath
2fe1 - 2fe2 None
2fe1 - 2fe2 None
2fe1 - 2fe2 None
2fe1 - 2fe2 None
2fe1 - 2fe2 None
2fe1 - 2fe2 ThinkChase
2fe1 - 2fe2 None
2fe1 - 2fe2 None
2fe1 - 2fe2 None
2fe1 - 2fe2 ThinkChase
2fe1 - 2fe2 None
2fe1 - 2fe2 ThinkChase
2fe1 - 2fe2 None
2fe1 - 2fe2 None
2fe1 - 2fe2 None
2fe1 - 2fe2 ThinkChase
2fe1 - 2fe2 None
2fe1 - 2fe2 None
2fe1 - 2fe2 None
2fe1 - 2fe2 None
2fe1 - 2fe2 ActionDie
2fe1 - 2fe2 None
2fe1 - 2fe2 None
2fe1 - 2fe2 None
2fe1 - 2fe2 None
2fe1 - 2fe2 None
2fe1 - 2fe2 ActionShoot
2fe1 - 2fe2 None
2fe1 - 2fe2 None
2fe1 - 2fe2 ThinkStand
2fe1 - 2fe2 None
2fe1 - 2fe2 ThinkPath
2fe1 - 2fe2 None
2fe1 - 2fe2 None
2fe1 - 2fe2 None
2fe1 - 2fe2 ThinkPath
2fe1 - 2fe2 None
2fe1 - 2fe2 ThinkPath
2fe1 - 2fe2 None
2fe1 - 2fe2 None
2fe1 - 2fe2 None
2fe1 - 2fe2 ThinkPath
2fe1 - 2fe2 None
2fe1 - 2fe2 None
2fe1 - 2fe2 None
2fe1 - 2fe2 None
2fe1 - 2fe2 None
2fe1 - 2fe2 ThinkChase
2fe1 - 2fe2 None
2fe1 - 2fe2 None
2fe1 - 2fe2 None
2fe1 - 2fe2 ThinkChase
2fe1 - 2fe2 None
2fe1 - 2fe2 ThinkChase
2fe1 - 2fe2 None
2fe1 - 2fe2 None
2fe1 - 2fe2 None
2fe1 - 2fe2 ThinkChase
2fe1 - 2fe2 None
2fe1 - 2fe2 None
2fe1 - 2fe2 DeathScreamGrofazTalk
2fe1 - 2fe2 None
2fe1 - 2fe2 None
2fe1 - 2fe2 None
2fe1 - 2fe2 DeathScreamGrofaz
2fe1 - 2fe2 None
2fe1 - 2fe2 None
2fe1 - 2fe2 None
2fe1 - 2fe2 None
2fe1 - 2fe2 None
2fe1 - 2fe2 None
2fe1 - 2fe2 None
2fe1 - 2fe2 None
2fe1 - 2fe2 None
2fe1 - 2fe2 ActionDie
2fe1 - 2fe2 None
2fe1 - 2fe2 None
2fe1 - 2fe2 None
2fe1 - 2fe2 None
2fe1 - 2fe2 None
2fe1 - 2fe2 None
2fe1 - 2fe2 None
2fe1 - 2fe2 ActionShoot
2fe1 - 2fe2 None
2fe1 - 2fe2 None
2fe1 - 2fe2 ThinkStand
2fe1 - 2fe2 None
2fe1 - 2fe2 ThinkPath
2fe1 - 2fe2 None
2fe1 - 2fe2 None
2fe1 - 2fe2 None
2fe1 - 2fe2 ThinkPath
2fe1 - 2fe2 None
2fe1 - 2fe2 ThinkPath
2fe1 - 2fe2 None
2fe1 - 2fe2 None
2fe1 - 2fe2 None
2fe1 - 2fe2 ThinkPath
2fe1 - 2fe2 None
2fe1 - 2fe2 None
2fe1 - 2fe2 None
2fe1 - 2fe2 None
2fe1 - 2fe2 None
2fe1 - 2fe2 None
2fe1 - 2fe2 SightMecha
2fe1 - 2fe2 ThinkChase
2fe1 - 2fe2 None
2fe1 - 2fe2 None
2fe1 - 2fe2 None
2fe1 - 2fe2 ThinkChase
2fe1 - 2fe2 None
2fe1 - 2fe2 ThinkChase
2fe1 - 2fe2 None
2fe1 - 2fe2 None
2fe1 - 2fe2 None
2fe1 - 2fe2 ThinkChase
2fe1 - 2fe2 None
2fe1 - 2fe2 None
2fe1 - 2fe2 DeathScreamMecha
2fe1 - 2fe2 None
2fe1 - 2fe2 None
2fe1 - 2fe2 None
2fe1 - 2fe2 ActionDie
2fe1 - 2fe2 None
2fe1 - 2fe2 None
2fe1 - 2fe2 None
2fe1 - 2fe2 None
2fe1 - 2fe2 None
2fe1 - 2fe2 None
2fe1 - 2fe2 None
2fe1 - 2fe2 ActionShoot
2fe1 - 2fe2 None
2fe1 - 2fe2 None
2fe1 - 2fe2 ThinkStand
2fe1 - 2fe2 None
2fe1 - 2fe2 ThinkPath
2fe1 - 2fe2 None
2fe1 - 2fe2 None
2fe1 - 2fe2 None
2fe1 - 2fe2 ThinkPath
2fe1 - 2fe2 None
2fe1 - 2fe2 ThinkPath
2fe1 - 2fe2 None
2fe1 - 2fe2 None
2fe1 - 2fe2 None
2fe1 - 2fe2 ThinkPath
2fe1 - 2fe2 None
2fe1 - 2fe2 None
2fe1 - 2fe2 None
2fe1 - 2fe2 None
2fe1 - 2fe2 None
2fe1 - 2fe2 None
2fe1 - 2fe2 SightAlp
2fe1 - 2fe2 ThinkChase
2fe1 - 2fe2 None
2fe1 - 2fe2 None
2fe1 - 2fe2 None
2fe1 - 2fe2 ThinkChase
2fe1 - 2fe2 None
2fe1 - 2fe2 ThinkChase
2fe1 - 2fe2 None
2fe1 - 2fe2 None
2fe1 - 2fe2 None
2fe1 - 2fe2 ThinkChase
2fe1 - 2fe2 None
2fe1 - 2fe2 None
2fe1 - 2fe2 DeathScreamAlp
2fe1 - 2fe2 None
2fe1 - 2fe2 None
2fe1 - 2fe2 None
2fe1 - 2fe2 None
2fe1 - 2fe2 None
2fe1 - 2fe2 ActionDie
2fe1 - 2fe2 None
2fe1 - 2fe2 None
2fe1 - 2fe2 None
2fe1 - 2fe2 None
2fe1 - 2fe2 None
2fe1 - 2fe2 ActionShoot
2fe1 - 2fe2 None
2fe1 - 2fe2 None
2fe1 - 2fe2 ThinkStand
2fe1 - 2fe2 None
2fe1 - 2fe2 ThinkPath
2fe1 - 2fe2 None
2fe1 - 2fe2 None
2fe1 - 2fe2 None
2fe1 - 2fe2 ThinkPath
2fe1 - 2fe2 None
2fe1 - 2fe2 ThinkPath
2fe1 - 2fe2 None
2fe1 - 2fe2 None
2fe1 - 2fe2 None
2fe1 - 2fe2 ThinkPath
2fe1 - 2fe2 None
2fe1 - 2fe2 None
2fe1 - 2fe2 None
2fe1 - 2fe2 None
2fe1 - 2fe2 None
2fe1 - 2fe2 ThinkChase
2fe1 - 2fe2 None
2fe1 - 2fe2 None
2fe1 - 2fe2 None
2fe1 - 2fe2 ThinkChase
2fe1 - 2fe2 None
2fe1 - 2fe2 ThinkChase
2fe1 - 2fe2 None
2fe1 - 2fe2 None
2fe1 - 2fe2 None
2fe1 - 2fe2 ThinkChase
2fe1 - 2fe2 None
2fe1 - 2fe2 None
2fe1 - 2fe2 None
2fe1 - 2fe2 None
2fe1 - 2fe2 ActionDie
2fe1 - 2fe2 None
2fe1 - 2fe2 None
2fe1 - 2fe2 None
2fe1 - 2fe2 None
2fe1 - 2fe2 None
2fe1 - 2fe2 ActionShoot
2fe1 - 2fe2 None
2fe1 - 2fe2 None
2fe1 - 2fe2 ThinkStand
2fe1 - 2fe2 None
2fe1 - 2fe2 ThinkPath
2fe1 - 2fe2 None
2fe1 - 2fe2 None
2fe1 - 2fe2 None
2fe1 - 2fe2 ThinkPath
2fe1 - 2fe2 None
2fe1 - 2fe2 ThinkPath
2fe1 - 2fe2 None
2fe1 - 2fe2 None
2fe1 - 2fe2 None
2fe1 - 2fe2 ThinkPath
2fe1 - 2fe2 None
2fe1 - 2fe2 None
2fe1 - 2fe2 None
2fe1 - 2fe2 None
2fe1 - 2fe2 None
2fe1 - 2fe2 ThinkChase
2fe1 - 2fe2 None
2fe1 - 2fe2 None
2fe1 - 2fe2 None
2fe1 - 2fe2 ThinkChase
2fe1 - 2fe2 None
2fe1 - 2fe2 ThinkChase
2fe1 - 2fe2 None
2fe1 - 2fe2 None
2fe1 - 2fe2 None
2fe1 - 2fe2 ThinkChase
2fe1 - 2fe2 None
2fe1 - 2fe2 None
2fe1 - 2fe2 None
2fe1 - 2fe2 None
2fe1 - 2fe2 ActionDie
2fe1 - 2fe2 None
2fe1 - 2fe2 None
2fe1 - 2fe2 None
2fe1 - 2fe2 None
2fe1 - 2fe2 None
2fe1 - 2fe2 ActionShoot
2fe1 - 2fe2 None
2fe1 - 2fe2 None
2fe1 - 2fe2 ThinkStand
2fe1 - 2fe2 None
2fe1 - 2fe2 ThinkPath
2fe1 - 2fe2 None
2fe1 - 2fe2 None
2fe1 - 2fe2 None
2fe1 - 2fe2 ThinkPath
2fe1 - 2fe2 None
2fe1 - 2fe2 ThinkPath
2fe1 - 2fe2 None
2fe1 - 2fe2 None
2fe1 - 2fe2 None
2fe1 - 2fe2 ThinkPath
2fe1 - 2fe2 None
2fe1 - 2fe2 None
2fe1 - 2fe2 None
2fe1 - 2fe2 None
2fe1 - 2fe2 None
2fe1 - 2fe2 ThinkChase
2fe1 - 2fe2 None
2fe1 - 2fe2 None
2fe1 - 2fe2 None
2fe1 - 2fe2 ThinkChase
2fe1 - 2fe2 None
2fe1 - 2fe2 ThinkChase
2fe1 - 2fe2 None
2fe1 - 2fe2 None
2fe1 - 2fe2 None
2fe1 - 2fe2 ThinkChase
2fe1 - 2fe2 None
2fe1 - 2fe2 None
2fe1 - 2fe2 None
2fe1 - 2fe2 None
2fe1 - 2fe2 ActionDie
2fe1 - 2fe2 None
2fe1 - 2fe2 None
2fe1 - 2fe2 None
2fe1 - 2fe2 None
2fe1 - 2fe2 None
2fe1 - 2fe2 None
2fe1 - 2fe2 None
2fe1 - 2fe2 None
2fe1 - 2fe2 None
2fe1 - 2fe2 ActionShoot
2fe1 - 2fe2 None
2fe1 - 2fe2 None
2fe1 - 2fe2 None
2fe1 - 2fe2 WeaponIdleCheckFire
2fe1 - 2fe2 None
2fe1 - 2fe2 ActionDie
2fe1 - 2fe2 None
2fe1 - 2fe2 None
2fe1 - 2fe2 None
2fe1 - 2fe2 None
2fe1 - 2fe2 None
2fe1 - 2fe2 None
2fe1 - 2fe2 None
2fe1 - 2fe2 None
2fe1 - 2fe2 None
2fe1 - 2fe2 WeaponIdleCheckFire
2fe1 - 2fe2 None
2fe1 - 2fe2 WeaponAttackCheckIdle
2fe1 - 2fe2 None
2fe1 - 2fe2 ActionShootPistol
2fe1 - 2fe2 None
2fe1 - 2fe2 None
2fe1 - 2fe2 None
2fe1 - 2fe2 None
2fe1 - 2fe2 None
2fe1 - 2fe2 WeaponIdleCheckFire
2fe1 - 2fe2 None
2fe1 - 2fe2 WeaponAttackCheckIdle
2fe1 - 2fe2 None
2fe1 - 2fe2 ActionShootMg
2fe1 - 2fe2 None
2fe1 - 2fe2 WeaponAttackCheckIdle
2fe1 - 2fe2 None
2fe1 - 2fe2 None
2fe1 - 2fe2 None
2fe1 - 2fe2 WeaponIdleCheckFire
2fe1 - 2fe2 None
2fe1 - 2fe2 WeaponAttackCheckIdle
2fe1 - 2fe2 None
2fe1 - 2fe2 ActionShootChain
2fe1 - 2fe2 None
2fe1 - 2fe2 ChaingunAttackCheckIdle
2fe1 - 2fe2 CheckOpenDoor
2fe1 - 2fe2 None
2fe1 - 2fe2 CheckCloseDoor
2fe1 - 2fe2 None
2fe1 - 2fe2 DecOpen
2fe1 - 2fe2 None
2fe1 - 2fe2 IncOpen
2fe1 - 2fe2 None
2fe1 - 2fe2 CheckDoorBlocked
2fe1 - 2fe2 None
